BMI088.c:12:6:BMI088_Init	8	static
BMI088.c:27:5:BMI088_isConnection	16	static
BMI088.c:34:6:BMI088_resetAcc	8	static
BMI088.c:39:6:BMI088_resetGyro	8	static
BMI088.c:43:9:BMI088_getAccID	8	static
BMI088.c:47:9:BMI088_getGyroID	8	static
BMI088.c:51:6:BMI088_setAccPoweMode	16	static
BMI088.c:61:6:BMI088_setGyroPoweMode	16	static
BMI088.c:71:6:BMI088_setAccScaleRange	16	static
BMI088.c:85:6:BMI088_setAccOutputDataRate	24	static
BMI088.c:95:6:BMI088_setGyroScaleRange	16	static
BMI088.c:111:6:BMI088_setGyroOutputDataRate	16	static
BMI088.c:115:6:BMI088_getAcceleration	48	static
BMI088.c:136:7:BMI088_getAccelerationX	16	static
BMI088.c:148:7:BMI088_getAccelerationY	16	static
BMI088.c:160:7:BMI088_getAccelerationZ	16	static
BMI088.c:172:6:BMI088_getGyroscope	48	static
BMI088.c:193:7:BMI088_getGyroscopeX	16	static
BMI088.c:205:7:BMI088_getGyroscopeY	16	static
BMI088.c:217:7:BMI088_getGyroscopeZ	16	static
BMI088.c:229:9:BMI088_getTemperature	16	static
BMI088.c:242:6:BMI088_write8	16	static
BMI088.c:271:9:BMI088_read8	24	static
BMI088.c:306:10:BMI088_read16	24	static
BMI088.c:344:10:BMI088_read24	32	static
BMI088.c:385:6:BMI088_read	24	static
